Java HotSpot(TM) 64-Bit Server VM (24.79-b02) for windows-amd64 JRE (1.7.0_79-b15), built on Apr 10 2015 12:36:16 by "java_re" with unknown MS VC++:1600
Memory: 4k page, physical 16651436k(3732088k free), swap 33301012k(20573288k free)
CommandLine flags: -XX:InitialHeapSize=4194304 -XX:MaxHeapSize=33554432 -XX:+PrintGC -XX:+PrintGCDetails -XX:+PrintGCTimeStamps -XX:+UseCompressedOops -XX:-UseLargePagesIndividualAllocation -XX:+UseParallelGC 
0.080: [GC [PSYoungGen: 3072K->480K(3584K)] 3072K->544K(6656K), 0.0008981 secs] [Times: user=0.00 sys=0.00, real=0.00 secs] 
0.181: [GC [PSYoungGen: 3552K->480K(3584K)] 3616K->872K(6656K), 0.0009760 secs] [Times: user=0.00 sys=0.00, real=0.00 secs] 
0.299: [GC [PSYoungGen: 3552K->488K(3584K)] 3944K->1216K(6656K), 0.0010841 secs] [Times: user=0.00 sys=0.00, real=0.00 secs] 
0.424: [GC [PSYoungGen: 3560K->500K(6656K)] 4288K->1540K(9728K), 0.0059176 secs] [Times: user=0.00 sys=0.00, real=0.01 secs] 
0.671: [GC [PSYoungGen: 6644K->502K(6656K)] 7684K->2262K(9728K), 0.0022394 secs] [Times: user=0.00 sys=0.00, real=0.00 secs] 
1.066: [GC [PSYoungGen: 6646K->1506K(8704K)] 8406K->3290K(11776K), 0.0034409 secs] [Times: user=0.00 sys=0.00, real=0.00 secs] 
1.562: [GC [PSYoungGen: 8674K->2043K(9216K)] 10458K->4587K(12288K), 0.0124609 secs] [Times: user=0.00 sys=0.00, real=0.01 secs] 
1.574: [Full GC [PSYoungGen: 2043K->1529K(9216K)] [ParOldGen: 2544K->2907K(9216K)] 4587K->4437K(18432K) [PSPermGen: 2480K->2479K(21504K)], 0.0394859 secs] [Times: user=0.11 sys=0.00, real=0.04 secs] 
1.945: [GC [PSYoungGen: 8697K->2041K(7168K)] 11605K->5885K(16384K), 0.0037956 secs] [Times: user=0.02 sys=0.00, real=0.00 secs] 
2.330: [GC [PSYoungGen: 7161K->2969K(8192K)] 11005K->6853K(17408K), 0.0055170 secs] [Times: user=0.00 sys=0.00, real=0.01 secs] 
2.727: [GC [PSYoungGen: 8089K->3065K(7168K)] 11973K->7725K(16384K), 0.0118939 secs] [Times: user=0.03 sys=0.00, real=0.01 secs] 
2.983: [GC [PSYoungGen: 7161K->2645K(7680K)] 11821K->8577K(16896K), 0.0161106 secs] [Times: user=0.05 sys=0.00, real=0.02 secs] 
3.249: [GC [PSYoungGen: 6741K->1717K(7680K)] 12673K->9289K(16896K), 0.0068214 secs] [Times: user=0.00 sys=0.00, real=0.01 secs] 
3.256: [Full GC [PSYoungGen: 1717K->0K(7680K)] [ParOldGen: 7571K->9060K(19456K)] 9289K->9060K(27136K) [PSPermGen: 2479K->2479K(21504K)], 0.0565847 secs] [Times: user=0.17 sys=0.00, real=0.06 secs] 
3.490: [GC [PSYoungGen: 4096K->800K(7680K)] 13156K->9860K(27136K), 0.0026015 secs] [Times: user=0.00 sys=0.00, real=0.00 secs] 
3.756: [GC [PSYoungGen: 4896K->800K(7680K)] 13956K->10596K(27136K), 0.0036763 secs] [Times: user=0.05 sys=0.00, real=0.00 secs] 
4.144: [GC [PSYoungGen: 4896K->768K(7680K)] 14692K->11316K(27136K), 0.0254389 secs] [Times: user=0.08 sys=0.00, real=0.03 secs] 
4.316: [GC [PSYoungGen: 4864K->768K(7680K)] 15412K->12068K(27136K), 0.0031182 secs] [Times: user=0.00 sys=0.00, real=0.00 secs] 
4.574: [GC [PSYoungGen: 4864K->1120K(7680K)] 16164K->13165K(27136K), 0.0132028 secs] [Times: user=0.05 sys=0.00, real=0.01 secs] 
4.828: [GC [PSYoungGen: 5216K->736K(7680K)] 17261K->13861K(27136K), 0.0036356 secs] [Times: user=0.00 sys=0.00, real=0.00 secs] 
5.090: [GC [PSYoungGen: 4832K->768K(7680K)] 17957K->14637K(27136K), 0.0063618 secs] [Times: user=0.00 sys=0.00, real=0.01 secs] 
5.459: [GC [PSYoungGen: 4864K->768K(7680K)] 18733K->15373K(27136K), 0.0163152 secs] [Times: user=0.06 sys=0.00, real=0.02 secs] 
5.613: [GC [PSYoungGen: 4864K->768K(7680K)] 19469K->16109K(27136K), 0.0041616 secs] [Times: user=0.02 sys=0.03, real=0.00 secs] 
5.864: [GC [PSYoungGen: 4864K->768K(6656K)] 20205K->16845K(26112K), 0.0048617 secs] [Times: user=0.03 sys=0.00, real=0.00 secs] 
Heap
 PSYoungGen      total 6656K, used 4220K [0x00000000ff500000, 0x00000000fff00000, 0x0000000100000000)
  eden space 4096K, 84% used [0x00000000ff500000,0x00000000ff85f198,0x00000000ff900000)
  from space 2560K, 30% used [0x00000000ffc80000,0x00000000ffd40000,0x00000000fff00000)
  to   space 3072K, 0% used [0x00000000ff900000,0x00000000ff900000,0x00000000ffc00000)
 ParOldGen       total 19456K, used 16077K [0x00000000fe000000, 0x00000000ff300000, 0x00000000ff500000)
  object space 19456K, 82% used [0x00000000fe000000,0x00000000fefb36f0,0x00000000ff300000)
 PSPermGen       total 21504K, used 2486K [0x00000000f8e00000, 0x00000000fa300000, 0x00000000fe000000)
  object space 21504K, 11% used [0x00000000f8e00000,0x00000000f906db38,0x00000000fa300000)
